
added 250 packages, and audited 251 packages in <elapsed>s

68 packages are looking for funding
  run `npm fund` for details

4 moderate severity vulnerabilities

To address all issues (including breaking changes), run:
  npm audit fix --force

Run `npm audit` for details.
PASS ROOT-001 stage completed: npm ci

> build
> react-router build

Using Vite Environment API
vite v8.2.1 building client environment for production...
[2Ktransforming...✓ 296 modules transformed.
rendering chunks...
computing gzip size...
build/client/assets/jetbrains-mono-vietnamese-wght-normal-Bt-aOZkq.woff2    7.50 kB
build/client/assets/manrope-vietnamese-wght-normal-usUDDRr7.woff2           8.52 kB
build/client/assets/jetbrains-mono-greek-wght-normal-Bw9x6K1M.woff2         9.00 kB
build/client/assets/manrope-greek-wght-normal-DL7QRZyv.woff2                9.44 kB
build/client/assets/newsreader-vietnamese-wght-normal-Czsa-EzN.woff2       11.93 kB
build/client/assets/jetbrains-mono-cyrillic-wght-normal-D73BlboJ.woff2     12.10 kB
build/client/assets/manrope-cyrillic-wght-normal-Dvxsihut.woff2            14.50 kB
build/client/assets/manrope-latin-ext-wght-normal-Ch3YOpNY.woff2           15.12 kB
build/client/assets/jetbrains-mono-latin-ext-wght-normal-DBQx-q_a.woff2    15.19 kB
build/client/assets/manrope-latin-wght-normal-DHIcAJRg.woff2               24.83 kB
build/client/.vite/manifest.json                                           31.40 kB │ gzip:  3.26 kB
build/client/assets/newsreader-latin-ext-wght-normal-C-3rgBeH.woff2        36.24 kB
build/client/assets/jetbrains-mono-latin-wght-normal-B9CIFXIH.woff2        40.40 kB
build/client/assets/newsreader-latin-wght-normal-CCVVNp6i.woff2            58.08 kB
build/client/assets/root-DuY5mpEq.css                                     180.66 kB │ gzip: 37.01 kB
build/client/assets/connect-client-action-Com8zKW-.js                       0.05 kB │ gzip:  0.07 kB
build/client/assets/game-hydrate-fallback-CM3npkpz.js                       0.05 kB │ gzip:  0.07 kB
build/client/assets/game-CyCp0wk_.js                                        0.06 kB │ gzip:  0.08 kB
build/client/assets/endgame-client-loader-CFuCW29t.js                       0.06 kB │ gzip:  0.08 kB
build/client/assets/middlegame-client-loader-CFuCW29t.js                    0.06 kB │ gzip:  0.08 kB
build/client/assets/dashboard-CaEN_tn6.js                                   0.07 kB │ gzip:  0.08 kB
build/client/assets/dashboard-redirect-main-CzozMDMY.js                     0.09 kB │ gzip:  0.11 kB
build/client/assets/operations-client-loader-DuG-4RiR.js                    0.10 kB │ gzip:  0.12 kB
build/client/assets/opening-family-client-action-BJJAB5IX.js                0.12 kB │ gzip:  0.10 kB
build/client/assets/opening-family-client-loader-CkrEUmRJ.js                0.12 kB │ gzip:  0.10 kB
build/client/assets/openings-BhSyb4Hq.js                                    0.13 kB │ gzip:  0.12 kB
build/client/assets/connect-client-loader-BuDmMg4F.js                       0.14 kB │ gzip:  0.14 kB
build/client/assets/dashboard-redirect-client-loader-DiVaB7xV.js            0.14 kB │ gzip:  0.15 kB
build/client/assets/login-client-loader-D90iKgSY.js                         0.17 kB │ gzip:  0.15 kB
build/client/assets/signup-client-loader-D90iKgSY.js                        0.17 kB │ gzip:  0.15 kB
build/client/assets/reset-password-client-loader-B2F6Hsjs.js                0.17 kB │ gzip:  0.15 kB
build/client/assets/lessons-client-loader-BLMjxF9c.js                       0.18 kB │ gzip:  0.16 kB
build/client/assets/lesson-client-loader-D8p7oIMM.js                        0.20 kB │ gzip:  0.17 kB
build/client/assets/opening-family-main-BwDq0IvZ.js                         0.20 kB │ gzip:  0.15 kB
build/client/assets/pricing-client-loader-wJUW2hyf.js                       0.26 kB │ gzip:  0.21 kB
build/client/assets/mistakes-client-loader-12Iw5_Ps.js                      0.27 kB │ gzip:  0.22 kB
build/client/assets/train-client-loader-Bc32IG3n.js                         0.38 kB │ gzip:  0.27 kB
build/client/assets/endgame-main-Doho0x3x.js                                0.39 kB │ gzip:  0.29 kB
build/client/assets/middlegame-main-B9chIymH.js                             0.41 kB │ gzip:  0.29 kB
build/client/assets/jsx-runtime-w3lC_jDG.js                                 0.42 kB │ gzip:  0.30 kB
build/client/assets/dashboard-client-action-n2RGzXH5.js                     0.47 kB │ gzip:  0.32 kB
build/client/assets/reset-password-client-action-Dyr5SPh3.js                0.47 kB │ gzip:  0.32 kB
build/client/assets/login-client-action-BjoYREYb.js                         0.47 kB │ gzip:  0.34 kB
build/client/assets/play-client-loader-Cc5Vud9p.js                          0.54 kB │ gzip:  0.37 kB
build/client/assets/signup-client-action-DPuZkvh9.js                        0.57 kB │ gzip:  0.37 kB
build/client/assets/usePrimaryActionKeys-CI56xaXi.js                        0.62 kB │ gzip:  0.39 kB
build/client/assets/account-client-loader-D7VAWfSY.js                       0.62 kB │ gzip:  0.39 kB
build/client/assets/billing-dYEEa5C6.js                                     0.71 kB │ gzip:  0.39 kB
build/client/assets/openings-client-action-DfU3ddeC.js                      0.76 kB │ gzip:  0.41 kB
build/client/assets/api-BPrSFdO1.js                                         0.89 kB │ gzip:  0.56 kB
build/client/assets/RouteError-D3jYIs6Z.js                                  0.93 kB │ gzip:  0.49 kB
build/client/assets/PlatformMarks-Dzy2ETGw.js                               0.93 kB │ gzip:  0.61 kB
build/client/assets/account-BdAiL8Ql.js                                     1.02 kB │ gzip:  0.44 kB
build/client/assets/dashboard-main-Bpkn8vtU.js                              1.05 kB │ gzip:  0.59 kB
build/client/assets/MoveInput-DiEu_cPu.js                                   1.22 kB │ gzip:  0.72 kB
build/client/assets/openings-client-loader-WoHHZ0Nc.js                      1.25 kB │ gzip:  0.67 kB
build/client/assets/openingGraph-BGPkVmlx.js                                1.26 kB │ gzip:  0.70 kB
build/client/assets/openingFamily-Hw3eRnPZ.js                               1.33 kB │ gzip:  0.66 kB
build/client/assets/Logo-DScgVZxj.js                                        1.51 kB │ gzip:  0.77 kB
build/client/assets/reset-password-main-1aqSUhrX.js                         1.55 kB │ gzip:  0.69 kB
build/client/assets/game-xsa2hMmJ.js                                        1.59 kB │ gzip:  0.91 kB
build/client/assets/brand-D-pwrFub.js                                       1.64 kB │ gzip:  0.79 kB
build/client/assets/phase-WHm4E4M4.js                                       1.81 kB │ gzip:  0.87 kB
build/client/assets/signup-main-DC5ljI00.js                                 2.45 kB │ gzip:  0.93 kB
build/client/assets/session-THzUIyGO.js                                     2.55 kB │ gzip:  1.09 kB
build/client/assets/features-CJa-iQOM.js                                    2.60 kB │ gzip:  1.18 kB
build/client/assets/lessons-main-DTEC6whk.js                                2.76 kB │ gzip:  1.29 kB
build/client/assets/login-main-Wf7fcyoa.js                                  3.08 kB │ gzip:  1.22 kB
build/client/assets/PublicShell-DDvtt7be.js                                 3.36 kB │ gzip:  1.21 kB
build/client/assets/react-dom-CA8SrFs2.js                                   3.54 kB │ gzip:  1.34 kB
build/client/assets/root-B1klcU4K.js                                        3.99 kB │ gzip:  1.76 kB
build/client/assets/__preview-rook-CVQnzu0Z.js                              4.22 kB │ gzip:  1.58 kB
build/client/assets/PieceGlyph-BqhSLqpx.js                                  4.39 kB │ gzip:  1.81 kB
build/client/assets/tearSheet-ChaiohnB.js                                   4.41 kB │ gzip:  1.89 kB
build/client/assets/pricing-main-C4jbnr7N.js                                4.49 kB │ gzip:  1.91 kB
build/client/assets/lichess-D-yoq481.js                                     4.83 kB │ gzip:  2.25 kB
build/client/assets/Scenes-qCeguqyu.js                                      5.77 kB │ gzip:  1.76 kB
build/client/assets/mistakes-main-DtfsaB00.js                               6.27 kB │ gzip:  2.61 kB
build/client/assets/connect-main-DorAjfiV.js                                6.41 kB │ gzip:  2.38 kB
build/client/assets/play-main-BgO646L1.js                                   6.59 kB │ gzip:  2.65 kB
build/client/assets/lesson-main-CjKSppq8.js                                 7.30 kB │ gzip:  2.80 kB
build/client/assets/operations-main-B7EPFmw1.js                             8.25 kB │ gzip:  2.82 kB
build/client/assets/dashboard-2knIHHBu.js                                   8.68 kB │ gzip:  3.31 kB
build/client/assets/supabase-BdCkT-9t.js                                    8.76 kB │ gzip:  3.55 kB
build/client/assets/RookMascot-D-FQaOag.js                                 10.31 kB │ gzip:  3.59 kB
build/client/assets/account-main-QvUHPKR_.js                               10.32 kB │ gzip:  3.41 kB
build/client/assets/terms-DZWictrq.js                                      10.56 kB │ gzip:  3.88 kB
build/client/assets/privacy-ChNW8oTE.js                                    10.64 kB │ gzip:  3.68 kB
build/client/assets/TopNav-EvJkGZJ-.js                                     10.71 kB │ gzip:  3.50 kB
build/client/assets/train-main--c6qojXl.js                                 11.24 kB │ gzip:  4.22 kB
build/client/assets/openingContent-BH8ZlRm2.js                             11.76 kB │ gzip:  4.67 kB
build/client/assets/lib-CGDyRMgI.js                                        11.80 kB │ gzip:  4.78 kB
build/client/assets/home-7gCXyYcD.js                                       14.92 kB │ gzip:  5.37 kB
build/client/assets/utils-BJ0Opo7w.js                                      20.62 kB │ gzip:  8.12 kB
build/client/assets/errorBoundaries-f4MVg4Am.js                            33.32 kB │ gzip: 11.62 kB
build/client/assets/chess-BXi67RA8.js                                      34.86 kB │ gzip: 11.64 kB
build/client/assets/openings-D-KBdM4G.js                                   38.65 kB │ gzip: 12.12 kB
build/client/assets/game-main-BuS1y5bg.js                                  38.84 kB │ gzip: 12.96 kB
build/client/assets/lessons-CXUMGjbv.js                                    45.36 kB │ gzip: 14.66 kB
build/client/assets/components-C3JRLgI3.js                                 63.41 kB │ gzip: 20.45 kB
build/client/assets/Board-CjKljyF1.js                                      76.01 kB │ gzip: 22.83 kB
build/client/assets/entry.client-sId36C4z.js                              182.48 kB │ gzip: 57.78 kB

✓ built in <elapsed>s
vite v8.2.1 building ssr environment for production...
[2Ktransforming...✓ 13 modules transformed.
rendering chunks...

✓ 14 assets cleaned from React Router server build.
build/client/assets/manrope-cyrillic-wght-normal-Dvxsihut.woff2
build/client/assets/manrope-greek-wght-normal-DL7QRZyv.woff2
build/client/assets/manrope-vietnamese-wght-normal-usUDDRr7.woff2
build/client/assets/manrope-latin-ext-wght-normal-Ch3YOpNY.woff2
build/client/assets/manrope-latin-wght-normal-DHIcAJRg.woff2
build/client/assets/newsreader-vietnamese-wght-normal-Czsa-EzN.woff2
build/client/assets/newsreader-latin-ext-wght-normal-C-3rgBeH.woff2
build/client/assets/newsreader-latin-wght-normal-CCVVNp6i.woff2
build/client/assets/jetbrains-mono-cyrillic-wght-normal-D73BlboJ.woff2
build/client/assets/jetbrains-mono-greek-wght-normal-Bw9x6K1M.woff2
build/client/assets/jetbrains-mono-vietnamese-wght-normal-Bt-aOZkq.woff2
build/client/assets/jetbrains-mono-latin-ext-wght-normal-DBQx-q_a.woff2
build/client/assets/jetbrains-mono-latin-wght-normal-B9CIFXIH.woff2
build/server/assets/server-build-DuY5mpEq.css

computing gzip size...
build/server/.vite/manifest.json                                            4.61 kB │ gzip:  0.56 kB
build/server/assets/jetbrains-mono-vietnamese-wght-normal-Bt-aOZkq.woff2    7.50 kB
build/server/assets/manrope-vietnamese-wght-normal-usUDDRr7.woff2           8.52 kB
build/server/assets/jetbrains-mono-greek-wght-normal-Bw9x6K1M.woff2         9.00 kB
build/server/assets/manrope-greek-wght-normal-DL7QRZyv.woff2                9.44 kB
build/server/assets/newsreader-vietnamese-wght-normal-Czsa-EzN.woff2       11.93 kB
build/server/assets/jetbrains-mono-cyrillic-wght-normal-D73BlboJ.woff2     12.10 kB
build/server/assets/manrope-cyrillic-wght-normal-Dvxsihut.woff2            14.50 kB
build/server/assets/manrope-latin-ext-wght-normal-Ch3YOpNY.woff2           15.12 kB
build/server/assets/jetbrains-mono-latin-ext-wght-normal-DBQx-q_a.woff2    15.19 kB
build/server/assets/manrope-latin-wght-normal-DHIcAJRg.woff2               24.83 kB
build/server/assets/newsreader-latin-ext-wght-normal-C-3rgBeH.woff2        36.24 kB
build/server/assets/jetbrains-mono-latin-wght-normal-B9CIFXIH.woff2        40.40 kB
build/server/assets/newsreader-latin-wght-normal-CCVVNp6i.woff2            58.08 kB
build/server/assets/server-build-DuY5mpEq.css                             180.66 kB │ gzip: 37.01 kB
build/server/index.js                                                      61.22 kB │ gzip: 10.85 kB

✓ built in <elapsed>ms
SPA Mode: Generated build/client/index.html
PASS ROOT-002 stage completed: npm run build

> typecheck
> react-router typegen && tsc

PASS ROOT-003 stage completed: npm run typecheck
RESULT npm ci && npm run build && npm run typecheck 3/3 pass=3 fail=0 skip=0 todo=0 problems=0
